[file.pororocca.com/static/apple-touch-icon-180x180.png]
[file.pororocca.com/static/icon-192x192.png]
[backblue.gif]
[fade.gif]
[index.html]
[pagead2.googlesyndication.com/pagead/js/f.txt]
[kit.fontawesome.com/94bd66272b.js]
[cdnjs.cloudflare.com/ajax/libs/mathjax/2.7.0/MathJax34a4.js]
[file.pororocca.com/static/logo.png]
[file.pororocca.com/static/avator/default.icon.png]
[code.jquery.com/jquery-3.5.1.min.js]
[code.jquery.com/ui/1.12.1/jquery-ui.min.js]
[code.jquery.com/ui/1.12.1/themes/base/jquery-ui.css]
[cdn.jsdelivr.net/npm/jquery-datetimepicker@2.5.20/build/jquery.datetimepicker.full.min.js]
[cdn.jsdelivr.net/npm/jquery-datetimepicker@2.5.20/jquery.datetimepicker.css]
[cdnjs.cloudflare.com/ajax/libs/popper.js/1.14.7/umd/popper.min.js]
[file.pororocca.com/static/bootstrap/bootstrap.min.js]
[pororocca.com/index.html]
[file.pororocca.com/static/bootstrap/scss/bootstrap.css]
[www.googletagmanager.com/gtm5445.html]
[pororocca.com/problem/other/index.html]
[pororocca.com/problem/programming/index.html]
[pororocca.com/problem/math/index.html]
[pororocca.com/problem/nazo/index.html]
[pororocca.com/problem/index.html]
[pororocca.com/problem/other/create/index.html]
[pororocca.com/problem/programming/create/index.html]
[pororocca.com/problem/math/create/index.html]
[pororocca.com/problem/nazo/create/index.html]
[pororocca.com/user/index.html]
[pororocca.com/contest/index.html]
[pororocca.com/problem-set/list/index.html]
[pororocca.com/accounts/login/index.html]
[pororocca.com/accounts/discord/login/index450a.html]
[pororocca.com/accounts/google/login/index450a.html]
[pororocca.com/problem-set/1/index.html]
[pororocca.com/contest/140/index.html]
[pororocca.com/user/5775/index.html]
[pororocca.com/problem/2953/index.html]
[pororocca.com/user/5776/index.html]
[pororocca.com/problem/2953/answer/index.html]
[pororocca.com/problem/2954/index.html]
[pororocca.com/user/5726/index.html]
[pororocca.com/problem/2954/answer/index.html]
[pororocca.com/problem/2952/index.html]
[pororocca.com/problem/index7733.html]
[pororocca.com/problem/indexfc93.html]
[pororocca.com/problem/indexcbfc.html]
[pororocca.com/problem/2952/answer/index.html]
[pororocca.com/problem/2950/index.html]
[pororocca.com/user/5414/index.html]
[pororocca.com/problem/2950/answer/index.html]
[pororocca.com/problem/2951/index.html]
[pororocca.com/problem/2951/answer/index.html]
[pororocca.com/problem/2944/index.html]
[pororocca.com/problem/2944/answer/index.html]
[pororocca.com/problem/indexe005.html]
[pororocca.com/problem/index76b6.html]
[pororocca.com/news/35.html]
[pororocca.com/news/34.html]
[pororocca.com/news/33.html]
[pororocca.com/news/32.html]
[pororocca.com/news/31.html]
[pororocca.com/news/index.html]
[pororocca.com/tex-practice/index.html]
[pororocca.com/contact/index.html]
[pororocca.com/privacy-policy/index.html]
[pororocca.com/terms-of-service/index.html]
[code.jquery.com/ui/1.12.1/themes/base/jquery-ui.css]
[cdn.jsdelivr.net/npm/jquery-datetimepicker@2.5.20/jquery.datetimepicker.css]
[pororocca.comhttps_/file.pororocca.com/static/fps-ogp-default.png]
